\BOOKMARK [0][]{chapter*.1}{\376\377\000A\000b\000s\000t\000r\000a\000c\000t}{}% 1
\BOOKMARK [0][]{chapter*.5}{\376\377\000L\000i\000s\000t\000\040\000o\000f\000\040\000A\000l\000g\000o\000r\000i\000t\000h\000m\000s}{}% 2
\BOOKMARK [0][]{chapter.1}{\376\377\0001\000\040\000I\000n\000t\000r\000o\000d\000u\000c\000t\000i\000o\000n\000\040\000a\000n\000d\000\040\000M\000o\000t\000i\000v\000a\000t\000i\000o\000n}{}% 3
\BOOKMARK [1][]{section.1.1}{\376\377\0001\000.\0001\000\040\000T\000h\000e\000\040\000A\000I\000\040\000D\000e\000p\000e\000n\000d\000e\000n\000c\000y\000\040\000C\000r\000i\000s\000i\000s}{chapter.1}% 4
\BOOKMARK [2][]{subsection.1.1.1}{\376\377\0001\000.\0001\000.\0001\000\040\000T\000h\000e\000\040\000P\000y\000t\000h\000o\000n\000\040\000R\000u\000n\000t\000i\000m\000e\000\040\000T\000r\000a\000p}{section.1.1}% 5
\BOOKMARK [2][]{subsection.1.1.2}{\376\377\0001\000.\0001\000.\0002\000\040\000F\000o\000r\000m\000a\000t\000\040\000F\000r\000a\000g\000m\000e\000n\000t\000a\000t\000i\000o\000n}{section.1.1}% 6
\BOOKMARK [2][]{subsection.1.1.3}{\376\377\0001\000.\0001\000.\0003\000\040\000W\000a\000s\000t\000e\000f\000u\000l\000\040\000U\000n\000i\000f\000o\000r\000m\000\040\000Q\000u\000a\000n\000t\000i\000z\000a\000t\000i\000o\000n}{section.1.1}% 7
\BOOKMARK [1][]{section.1.2}{\376\377\0001\000.\0002\000\040\000T\000h\000e\000\040\000Q\000u\000a\000n\000t\000i\000z\000a\000t\000i\000o\000n\000\040\000P\000a\000r\000a\000d\000i\000g\000m\000\040\000S\000h\000i\000f\000t}{chapter.1}% 8
\BOOKMARK [1][]{section.1.3}{\376\377\0001\000.\0003\000\040\000T\000h\000e\000\040\000O\000I\000L\000\040\000S\000o\000l\000u\000t\000i\000o\000n}{chapter.1}% 9
\BOOKMARK [1][]{section.1.4}{\376\377\0001\000.\0004\000\040\000C\000e\000n\000t\000r\000a\000l\000\040\000C\000l\000a\000i\000m}{chapter.1}% 10
\BOOKMARK [1][]{section.1.5}{\376\377\0001\000.\0005\000\040\000C\000o\000n\000t\000r\000i\000b\000u\000t\000i\000o\000n\000s\000\040\000a\000n\000d\000\040\000C\000l\000a\000i\000m\000s}{chapter.1}% 11
\BOOKMARK [1][]{section.1.6}{\376\377\0001\000.\0006\000\040\000T\000h\000e\000\040\000B\000i\000t\000\040\000W\000i\000d\000t\000h\000\040\000S\000p\000e\000c\000t\000r\000u\000m}{chapter.1}% 12
\BOOKMARK [1][]{section.1.7}{\376\377\0001\000.\0007\000\040\000W\000h\000y\000\040\000F\000L\000O\000P\000S\000\040\000i\000s\000\040\000B\000r\000o\000k\000e\000n}{chapter.1}% 13
\BOOKMARK [1][]{section.1.8}{\376\377\0001\000.\0008\000\040\000P\000a\000p\000e\000r\000\040\000O\000r\000g\000a\000n\000i\000z\000a\000t\000i\000o\000n}{chapter.1}% 14
\BOOKMARK [1][]{section.1.9}{\376\377\0001\000.\0009\000\040\000C\000o\000m\000p\000a\000r\000i\000s\000o\000n\000\040\000w\000i\000t\000h\000\040\000E\000x\000i\000s\000t\000i\000n\000g\000\040\000F\000r\000a\000m\000e\000w\000o\000r\000k\000s}{chapter.1}% 15
\BOOKMARK [1][]{section.1.10}{\376\377\0001\000.\0001\0000\000\040\000W\000h\000o\000\040\000B\000u\000i\000l\000t\000\040\000T\000h\000i\000s}{chapter.1}% 16
\BOOKMARK [0][]{chapter.2}{\376\377\0002\000\040\000T\000h\000e\000\040\000O\000I\000L\000\040\000F\000o\000r\000m\000a\000t\000\040\000S\000y\000s\000t\000e\000m}{}% 17
\BOOKMARK [1][]{section.2.1}{\376\377\0002\000.\0001\000\040\000D\000e\000s\000i\000g\000n\000\040\000P\000r\000i\000n\000c\000i\000p\000l\000e\000s}{chapter.2}% 18
\BOOKMARK [1][]{section.2.2}{\376\377\0002\000.\0002\000\040\000B\000a\000s\000e\000\040\000F\000o\000r\000m\000a\000t\000s}{chapter.2}% 19
\BOOKMARK [2][]{subsection.2.2.1}{\376\377\0002\000.\0002\000.\0001\000\040\000B\000I\000N\000A\000R\000Y\000\040\000\050\0001\000.\0000\000\040\000B\000P\000W\000\051}{section.2.2}% 20
\BOOKMARK [2][]{subsection.2.2.2}{\376\377\0002\000.\0002\000.\0002\000\040\000S\000P\000A\000R\000K\000\137\000Q\0000\000\040\000\050\0001\000.\0005\000\040\000B\000P\000W\000\051}{section.2.2}% 21
\BOOKMARK [2][]{subsection.2.2.3}{\376\377\0002\000.\0002\000.\0003\000\040\000T\000E\000R\000N\000A\000R\000Y\000\040\000\050\0001\000.\0005\0008\000\040\000B\000P\000W\000\051}{section.2.2}% 22
\BOOKMARK [2][]{subsection.2.2.4}{\376\377\0002\000.\0002\000.\0004\000\040\000O\000I\000L\0002\000\040\000\050\0002\000.\0000\000\040\000B\000P\000W\000\051}{section.2.2}% 23
\BOOKMARK [2][]{subsection.2.2.5}{\376\377\0002\000.\0002\000.\0005\000\040\000O\000I\000L\0004\000\040\000\050\0004\000.\0000\000\040\000B\000P\000W\000\051}{section.2.2}% 24
\BOOKMARK [2][]{subsection.2.2.6}{\376\377\0002\000.\0002\000.\0006\000\040\000O\000I\000L\0008\000\040\000\050\0008\000.\0000\000\040\000B\000P\000W\000\051}{section.2.2}% 25
\BOOKMARK [2][]{subsection.2.2.7}{\376\377\0002\000.\0002\000.\0007\000\040\000O\000I\000L\0001\0006\000\040\000\050\0001\0006\000.\0000\000\040\000B\000P\000W\000\051}{section.2.2}% 26
\BOOKMARK [2][]{subsection.2.2.8}{\376\377\0002\000.\0002\000.\0008\000\040\000O\000I\000L\0003\0002\000\040\000\050\0003\0002\000.\0000\000\040\000B\000P\000W\000\051}{section.2.2}% 27
\BOOKMARK [1][]{section.2.3}{\376\377\0002\000.\0003\000\040\000L\000o\000s\000s\000l\000e\000s\000s\000\040\000G\000R\000P\000\040\000V\000a\000r\000i\000a\000n\000t\000s}{chapter.2}% 28
\BOOKMARK [2][]{subsection.2.3.1}{\376\377\0002\000.\0003\000.\0001\000\040\000O\000I\000L\0002\000\137\000G\000R\000P\000\040\000\050\0002\000.\0000\000\040\000B\000P\000W\000,\000\040\000L\000o\000s\000s\000l\000e\000s\000s\000\051}{section.2.3}% 29
\BOOKMARK [2][]{subsection.2.3.2}{\376\377\0002\000.\0003\000.\0002\000\040\000O\000I\000L\0004\000\137\000G\000R\000P\000\040\000\050\0004\000.\0000\000\040\000B\000P\000W\000,\000\040\000L\000o\000s\000s\000l\000e\000s\000s\000\051}{section.2.3}% 30
\BOOKMARK [2][]{subsection.2.3.3}{\376\377\0002\000.\0003\000.\0003\000\040\000O\000I\000L\0008\000\040\000\050\0008\000.\0000\000\040\000B\000P\000W\000,\000\040\000L\000o\000s\000s\000y\000\051}{section.2.3}% 31
\BOOKMARK [1][]{section.2.4}{\376\377\0002\000.\0004\000\040\000T\000h\000e\000\040\000L\000l\000o\000y\000d\000-\000M\000a\000x\000\040\000C\000o\000d\000e\000b\000o\000o\000k\000\040\000A\000l\000g\000o\000r\000i\000t\000h\000m}{chapter.2}% 32
\BOOKMARK [1][]{section.2.5}{\376\377\0002\000.\0005\000\040\000C\000r\000o\000s\000s\000-\000B\000P\000W\000\040\000S\000u\000p\000e\000r\000i\000o\000r\000i\000t\000y}{chapter.2}% 33
\BOOKMARK [1][]{section.2.6}{\376\377\0002\000.\0006\000\040\000Q\000u\000a\000n\000t\000i\000z\000a\000t\000i\000o\000n\000\040\000B\000a\000r\000r\000i\000e\000r}{chapter.2}% 34
\BOOKMARK [1][]{section.2.7}{\376\377\0002\000.\0007\000\040\000T\000h\000e\000\040\000C\000o\000n\000s\000e\000r\000v\000a\000t\000i\000o\000n\000\040\000L\000a\000w}{chapter.2}% 35
\BOOKMARK [1][]{section.2.8}{\376\377\0002\000.\0008\000\040\000S\000P\000A\000R\000K\000\137\000S\000P\000A\000R\000S\000E\000\040\000a\000n\000d\000\040\000S\000P\000A\000R\000K\000\137\000S\000P\000A\000R\000S\000E\000\137\000G\000R\000P}{chapter.2}% 36
\BOOKMARK [1][]{section.2.9}{\376\377\0002\000.\0009\000\040\000S\000P\000A\000R\000K\000\137\000Q\0000\000\040\000A\000n\000a\000l\000y\000s\000i\000s}{chapter.2}% 37
\BOOKMARK [0][]{chapter.3}{\376\377\0003\000\040\000M\000i\000x\000e\000d\000\040\000P\000r\000e\000c\000i\000s\000i\000o\000n\000\040\000v\000i\000a\000\040\000T\000w\000i\000m\000i\000x}{}% 38
\BOOKMARK [1][]{section.3.1}{\376\377\0003\000.\0001\000\040\000M\000o\000t\000i\000v\000a\000t\000i\000o\000n}{chapter.3}% 39
\BOOKMARK [1][]{section.3.2}{\376\377\0003\000.\0002\000\040\000T\000h\000e\000\040\000T\000w\000i\000m\000i\000x\000\040\000F\000r\000a\000m\000e\000w\000o\000r\000k}{chapter.3}% 40
\BOOKMARK [1][]{section.3.3}{\376\377\0003\000.\0003\000\040\000T\000h\000e\000\040\000T\000r\000i\000m\000i\000x\000\040\000B\000a\000n}{chapter.3}% 41
\BOOKMARK [1][]{section.3.4}{\376\377\0003\000.\0004\000\040\000T\000w\000o\000-\000M\000i\000x\000\040\000F\000o\000r\000m\000a\000t\000s\000\040\000\050\0002\000-\000M\000i\000x\000\051}{chapter.3}% 42
\BOOKMARK [2][]{subsection.3.4.1}{\376\377\0003\000.\0004\000.\0001\000\040\000E\000f\000f\000e\000c\000t\000i\000v\000e\000\040\000B\000P\000W\000\040\000C\000a\000l\000c\000u\000l\000a\000t\000i\000o\000n}{section.3.4}% 43
\BOOKMARK [2][]{subsection.3.4.2}{\376\377\0003\000.\0004\000.\0002\000\040\000E\000f\000f\000e\000c\000t\000i\000v\000e\000\040\000I\000n\000f\000o\000\040\000W\000e\000i\000g\000h\000t}{section.3.4}% 44
\BOOKMARK [2][]{subsection.3.4.3}{\376\377\0003\000.\0004\000.\0003\000\040\000S\000u\000p\000p\000o\000r\000t\000e\000d\000\040\0002\000-\000M\000i\000x\000\040\000F\000o\000r\000m\000a\000t\000s}{section.3.4}% 45
\BOOKMARK [2][]{subsection.3.4.4}{\376\377\0003\000.\0004\000.\0004\000\040\000E\000x\000a\000m\000p\000l\000e\000:\000\040\000O\000I\000L\0008\000+\000T\000e\000r\000n\000a\000r\000y\000\040\0005\000:\0009\0005}{section.3.4}% 46
\BOOKMARK [1][]{section.3.5}{\376\377\0003\000.\0005\000\040\000F\000o\000u\000r\000-\000M\000i\000x\000\040\000F\000o\000r\000m\000a\000t\000s\000\040\000\050\0004\000-\000M\000i\000x\000\051}{chapter.3}% 47
\BOOKMARK [2][]{subsection.3.5.1}{\376\377\0003\000.\0005\000.\0001\000\040\000E\000f\000f\000e\000c\000t\000i\000v\000e\000\040\000B\000P\000W\000\040\000f\000o\000r\000\040\0004\000-\000M\000i\000x}{section.3.5}% 48
\BOOKMARK [2][]{subsection.3.5.2}{\376\377\0003\000.\0005\000.\0002\000\040\000S\000u\000p\000p\000o\000r\000t\000e\000d\000\040\0004\000-\000M\000i\000x\000\040\000F\000o\000r\000m\000a\000t\000s}{section.3.5}% 49
\BOOKMARK [1][]{section.3.6}{\376\377\0003\000.\0006\000\040\000T\000h\000e\000\040\000F\000o\000r\000m\000a\000t\000P\000l\000a\000n\000n\000e\000r}{chapter.3}% 50
\BOOKMARK [1][]{section.3.7}{\376\377\0003\000.\0007\000\040\000S\000O\000P\000S\000\040\000f\000o\000r\000\040\000M\000i\000x\000\040\000F\000o\000r\000m\000a\000t\000s}{chapter.3}% 51
\BOOKMARK [1][]{section.3.8}{\376\377\0003\000.\0008\000\040\000P\000e\000r\000-\000L\000a\000y\000e\000r\000\040\000F\000o\000r\000m\000a\000t\000\040\000A\000l\000l\000o\000c\000a\000t\000i\000o\000n}{chapter.3}% 52
\BOOKMARK [1][]{section.3.9}{\376\377\0003\000.\0009\000\040\000C\000I\000D\000-\000W\000e\000i\000g\000h\000t\000e\000d\000\040\000A\000l\000l\000o\000c\000a\000t\000i\000o\000n}{chapter.3}% 53
\BOOKMARK [0][]{chapter.4}{\376\377\0004\000\040\000S\000O\000P\000S\000\040\040\024\000\040\000A\000\040\000N\000e\000w\000\040\000C\000o\000m\000p\000u\000t\000e\000\040\000M\000e\000t\000r\000i\000c}{}% 54
\BOOKMARK [1][]{section.4.1}{\376\377\0004\000.\0001\000\040\000T\000h\000e\000\040\000F\000L\000O\000P\000S\000\040\000L\000i\000m\000i\000t\000a\000t\000i\000o\000n}{chapter.4}% 55
\BOOKMARK [1][]{section.4.2}{\376\377\0004\000.\0002\000\040\000S\000O\000P\000S\000\040\000D\000e\000f\000i\000n\000i\000t\000i\000o\000n}{chapter.4}% 56
\BOOKMARK [1][]{section.4.3}{\376\377\0004\000.\0003\000\040\000I\000n\000f\000o\000\040\000W\000e\000i\000g\000h\000t}{chapter.4}% 57
\BOOKMARK [2][]{subsection.4.3.1}{\376\377\0004\000.\0003\000.\0001\000\040\000P\000h\000y\000s\000i\000c\000a\000l\000\040\000M\000e\000a\000n\000i\000n\000g}{section.4.3}% 58
\BOOKMARK [1][]{section.4.4}{\376\377\0004\000.\0004\000\040\000K\000e\000y\000\040\000T\000h\000e\000o\000r\000e\000m\000s}{chapter.4}% 59
\BOOKMARK [1][]{section.4.5}{\376\377\0004\000.\0005\000\040\000S\000O\000P\000S\000\040\000U\000n\000i\000t\000\040\000S\000c\000a\000l\000e\000s}{chapter.4}% 60
\BOOKMARK [1][]{section.4.6}{\376\377\0004\000.\0006\000\040\000C\000u\000r\000r\000e\000n\000t\000\040\000M\000e\000a\000s\000u\000r\000e\000m\000e\000n\000t\000s}{chapter.4}% 61
\BOOKMARK [1][]{section.4.7}{\376\377\0004\000.\0007\000\040\000T\000h\000e\000o\000r\000e\000t\000i\000c\000a\000l\000\040\000M\000a\000x\000i\000m\000u\000m\000\040\000S\000O\000P\000S}{chapter.4}% 62
\BOOKMARK [1][]{section.4.8}{\376\377\0004\000.\0008\000\040\000M\000e\000m\000o\000r\000y\000\040\000B\000a\000n\000d\000w\000i\000d\000t\000h\000\040\000A\000n\000a\000l\000y\000s\000i\000s}{chapter.4}% 63
\BOOKMARK [2][]{subsection.4.8.1}{\376\377\0004\000.\0008\000.\0001\000\040\000B\000a\000n\000d\000w\000i\000d\000t\000h\000\040\000R\000e\000q\000u\000i\000r\000e\000m\000e\000n\000t\000s\000\040\000f\000o\000r\000\040\0001\000\040\000S\000O\000P\000S}{section.4.8}% 64
\BOOKMARK [2][]{subsection.4.8.2}{\376\377\0004\000.\0008\000.\0002\000\040\000C\000P\000U\000\040\000M\000e\000m\000o\000r\000y\000\040\000H\000i\000e\000r\000a\000r\000c\000h\000y\000\040\000I\000m\000p\000a\000c\000t}{section.4.8}% 65
\BOOKMARK [1][]{section.4.9}{\376\377\0004\000.\0009\000\040\000S\000I\000M\000D\000\040\000I\000n\000d\000e\000p\000e\000n\000d\000e\000n\000c\000e}{chapter.4}% 66
\BOOKMARK [1][]{section.4.10}{\376\377\0004\000.\0001\0000\000\040\000P\000a\000t\000h\000\040\000t\000o\000\040\0001\000\040\000S\000O\000P\000S}{chapter.4}% 67
\BOOKMARK [2][]{subsection.4.10.1}{\376\377\0004\000.\0001\0000\000.\0001\000\040\000L\000a\000n\000d\000a\000u\000e\000r\000'\000s\000\040\000L\000i\000m\000i\000t}{section.4.10}% 68
\BOOKMARK [1][]{section.4.11}{\376\377\0004\000.\0001\0001\000\040\000W\000h\000a\000t\000\040\0001\000\040\000S\000O\000P\000S\000\040\000E\000n\000a\000b\000l\000e\000s}{chapter.4}% 69
\BOOKMARK [1][]{section.4.12}{\376\377\0004\000.\0001\0002\000\040\000S\000o\000p\000s\000C\000o\000u\000n\000t\000e\000r\000\040\000A\000P\000I}{chapter.4}% 70
\BOOKMARK [0][]{chapter.5}{\376\377\0005\000\040\000N\000a\000t\000i\000v\000e\000\040\000T\000r\000a\000i\000n\000i\000n\000g\000\040\000W\000i\000t\000h\000o\000u\000t\000\040\000F\000P\0003\0002\000\040\000M\000a\000s\000t\000e\000r\000\040\000W\000e\000i\000g\000h\000t\000s}{}% 71
\BOOKMARK [1][]{section.5.1}{\376\377\0005\000.\0001\000\040\000T\000h\000e\000\040\000T\000r\000a\000i\000n\000i\000n\000g\000\040\000P\000a\000r\000a\000d\000i\000g\000m\000\040\000S\000h\000i\000f\000t}{chapter.5}% 72
\BOOKMARK [1][]{section.5.2}{\376\377\0005\000.\0002\000\040\000S\000t\000r\000a\000i\000g\000h\000t\000-\000T\000h\000r\000o\000u\000g\000h\000\040\000E\000s\000t\000i\000m\000a\000t\000o\000r\000\040\000\050\000S\000T\000E\000\051}{chapter.5}% 73
\BOOKMARK [2][]{subsection.5.2.1}{\376\377\0005\000.\0002\000.\0001\000\040\000F\000o\000r\000w\000a\000r\000d\000\040\000P\000a\000s\000s}{section.5.2}% 74
\BOOKMARK [2][]{subsection.5.2.2}{\376\377\0005\000.\0002\000.\0002\000\040\000B\000a\000c\000k\000w\000a\000r\000d\000\040\000P\000a\000s\000s}{section.5.2}% 75
\BOOKMARK [2][]{subsection.5.2.3}{\376\377\0005\000.\0002\000.\0003\000\040\000I\000n\000d\000e\000x\000\040\000U\000p\000d\000a\000t\000e}{section.5.2}% 76
\BOOKMARK [2][]{subsection.5.2.4}{\376\377\0005\000.\0002\000.\0004\000\040\000S\000c\000a\000l\000e\000\040\000U\000p\000d\000a\000t\000e}{section.5.2}% 77
\BOOKMARK [2][]{subsection.5.2.5}{\376\377\0005\000.\0002\000.\0005\000\040\000C\000o\000d\000e\000b\000o\000o\000k\000\040\000U\000p\000d\000a\000t\000e}{section.5.2}% 78
\BOOKMARK [1][]{section.5.3}{\376\377\0005\000.\0003\000\040\000T\000h\000e\000\040\000Q\000u\000a\000n\000t\000i\000z\000a\000t\000i\000o\000n\000\040\000B\000a\000r\000r\000i\000e\000r\000\040\000M\000e\000c\000h\000a\000n\000i\000s\000m}{chapter.5}% 79
\BOOKMARK [2][]{subsection.5.3.1}{\376\377\0005\000.\0003\000.\0001\000\040\000F\000o\000r\000m\000a\000l\000\040\000A\000n\000a\000l\000y\000s\000i\000s}{section.5.3}% 80
\BOOKMARK [2][]{subsection.5.3.2}{\376\377\0005\000.\0003\000.\0002\000\040\000F\000i\000x\000e\000d\000\040\000P\000o\000i\000n\000t\000s}{section.5.3}% 81
\BOOKMARK [2][]{subsection.5.3.3}{\376\377\0005\000.\0003\000.\0003\000\040\000E\000x\000p\000o\000n\000e\000n\000t\000i\000a\000l\000\040\000C\000o\000n\000v\000e\000r\000g\000e\000n\000c\000e}{section.5.3}% 82
\BOOKMARK [1][]{section.5.4}{\376\377\0005\000.\0004\000\040\000D\000i\000a\000g\000o\000n\000a\000l\000\040\000D\000o\000m\000i\000n\000a\000n\000c\000e}{chapter.5}% 83
\BOOKMARK [1][]{section.5.5}{\376\377\0005\000.\0005\000\040\000P\000A\000C\000-\000B\000a\000y\000e\000s\000\040\000B\000o\000u\000n\000d\000s}{chapter.5}% 84
\BOOKMARK [2][]{subsection.5.5.1}{\376\377\0005\000.\0005\000.\0001\000\040\000R\000i\000s\000k\000\040\000D\000e\000c\000o\000m\000p\000o\000s\000i\000t\000i\000o\000n}{section.5.5}% 85
\BOOKMARK [2][]{subsection.5.5.2}{\376\377\0005\000.\0005\000.\0002\000\040\000K\000L\000\040\000D\000i\000v\000e\000r\000g\000e\000n\000c\000e\000:\000\040\000M\000i\000x\000e\000d\000\040\000F\000o\000r\000m\000a\000t}{section.5.5}% 86
\BOOKMARK [2][]{subsection.5.5.3}{\376\377\0005\000.\0005\000.\0003\000\040\000K\000L\000\040\000D\000i\000v\000e\000r\000g\000e\000n\000c\000e\000:\000\040\000F\000P\0003\0002}{section.5.5}% 87
\BOOKMARK [2][]{subsection.5.5.4}{\376\377\0005\000.\0005\000.\0004\000\040\000E\000x\000p\000l\000i\000c\000i\000t\000\040\000C\000o\000n\000s\000t\000a\000n\000t\000s}{section.5.5}% 88
\BOOKMARK [1][]{section.5.6}{\376\377\0005\000.\0006\000\040\000T\000h\000e\000\040\000C\000o\000n\000f\000i\000d\000e\000n\000c\000e\000\040\000I\000n\000t\000e\000r\000v\000a\000l}{chapter.5}% 89
\BOOKMARK [1][]{section.5.7}{\376\377\0005\000.\0007\000\040\000S\000t\000a\000b\000i\000l\000i\000t\000y\000\040\000A\000n\000a\000l\000y\000s\000i\000s}{chapter.5}% 90
\BOOKMARK [2][]{subsection.5.7.1}{\376\377\0005\000.\0007\000.\0001\000\040\000A\000l\000g\000o\000r\000i\000t\000h\000m\000i\000c\000\040\000S\000t\000a\000b\000i\000l\000i\000t\000y\000\040\000v\000i\000a\000\040\000D\000e\000a\000d\000\040\000Z\000o\000n\000e}{section.5.7}% 91
\BOOKMARK [1][]{section.5.8}{\376\377\0005\000.\0008\000\040\000T\000h\000e\000\040\000C\000I\000D\000\040\000A\000s\000s\000u\000m\000p\000t\000i\000o\000n}{chapter.5}% 92
\BOOKMARK [1][]{section.5.9}{\376\377\0005\000.\0009\000\040\000E\000m\000p\000i\000r\000i\000c\000a\000l\000\040\000V\000a\000l\000i\000d\000a\000t\000i\000o\000n}{chapter.5}% 93
\BOOKMARK [1][]{section.5.10}{\376\377\0005\000.\0001\0000\000\040\000I\000n\000f\000o\000r\000m\000a\000t\000i\000o\000n\000\040\000R\000a\000t\000i\000o}{chapter.5}% 94
\BOOKMARK [1][]{section.5.11}{\376\377\0005\000.\0001\0001\000\040\000S\000u\000m\000m\000a\000r\000y\000\040\000o\000f\000\040\000T\000h\000e\000o\000r\000e\000t\000i\000c\000a\000l\000\040\000G\000u\000a\000r\000a\000n\000t\000e\000e\000s}{chapter.5}% 95
\BOOKMARK [0][]{chapter.6}{\376\377\0006\000\040\000C\000o\000n\000t\000i\000n\000u\000a\000l\000\040\000L\000e\000a\000r\000n\000i\000n\000g\000\040\000w\000i\000t\000h\000\040\000S\000t\000a\000b\000i\000l\000i\000t\000y\000-\000P\000l\000a\000s\000t\000i\000c\000i\000t\000y\000\040\000B\000a\000l\000a\000n\000c\000e}{}% 96
\BOOKMARK [1][]{section.6.1}{\376\377\0006\000.\0001\000\040\000T\000h\000e\000\040\000C\000o\000n\000t\000i\000n\000u\000a\000l\000\040\000L\000e\000a\000r\000n\000i\000n\000g\000\040\000P\000r\000o\000b\000l\000e\000m}{chapter.6}% 97
\BOOKMARK [1][]{section.6.2}{\376\377\0006\000.\0002\000\040\000Q\000u\000a\000n\000t\000i\000z\000a\000t\000i\000o\000n\000\040\000a\000s\000\040\000I\000m\000p\000l\000i\000c\000i\000t\000\040\000R\000e\000g\000u\000l\000a\000r\000i\000z\000a\000t\000i\000o\000n}{chapter.6}% 98
\BOOKMARK [1][]{section.6.3}{\376\377\0006\000.\0003\000\040\000T\000h\000e\000\040\000S\000t\000a\000b\000i\000l\000i\000t\000y\000-\000P\000l\000a\000s\000t\000i\000c\000i\000t\000y\000\040\000E\000q\000u\000i\000l\000i\000b\000r\000i\000u\000m}{chapter.6}% 99
\BOOKMARK [1][]{section.6.4}{\376\377\0006\000.\0004\000\040\000E\000l\000a\000s\000t\000i\000c\000\040\000W\000e\000i\000g\000h\000t\000\040\000C\000o\000n\000s\000o\000l\000i\000d\000a\000t\000i\000o\000n\000\040\000i\000n\000\040\000O\000I\000L}{chapter.6}% 100
\BOOKMARK [1][]{section.6.5}{\376\377\0006\000.\0005\000\040\000T\000a\000s\000k\000-\000I\000n\000c\000r\000e\000m\000e\000n\000t\000a\000l\000\040\000L\000e\000a\000r\000n\000i\000n\000g\000\040\000P\000r\000o\000t\000o\000c\000o\000l}{chapter.6}% 101
\BOOKMARK [1][]{section.6.6}{\376\377\0006\000.\0006\000\040\000C\000a\000t\000a\000s\000t\000r\000o\000p\000h\000i\000c\000\040\000F\000o\000r\000g\000e\000t\000t\000i\000n\000g\000\040\000M\000i\000t\000i\000g\000a\000t\000i\000o\000n}{chapter.6}% 102
\BOOKMARK [2][]{subsection.6.6.1}{\376\377\0006\000.\0006\000.\0001\000\040\000F\000o\000r\000m\000a\000t\000-\000B\000a\000s\000e\000d\000\040\000A\000n\000c\000h\000o\000r\000i\000n\000g}{section.6.6}% 103
\BOOKMARK [2][]{subsection.6.6.2}{\376\377\0006\000.\0006\000.\0002\000\040\000P\000r\000o\000g\000r\000e\000s\000s\000i\000v\000e\000\040\000P\000l\000a\000s\000t\000i\000c\000i\000t\000y}{section.6.6}% 104
\BOOKMARK [2][]{subsection.6.6.3}{\376\377\0006\000.\0006\000.\0003\000\040\000C\000o\000d\000e\000b\000o\000o\000k\000\040\000S\000t\000a\000b\000i\000l\000i\000t\000y}{section.6.6}% 105
\BOOKMARK [1][]{section.6.7}{\376\377\0006\000.\0007\000\040\000M\000u\000l\000t\000i\000-\000T\000a\000s\000k\000\040\000O\000I\000L\000\040\000A\000r\000c\000h\000i\000t\000e\000c\000t\000u\000r\000e}{chapter.6}% 106
\BOOKMARK [1][]{section.6.8}{\376\377\0006\000.\0008\000\040\000P\000r\000a\000c\000t\000i\000c\000a\000l\000\040\000C\000o\000n\000t\000i\000n\000u\000a\000l\000\040\000L\000e\000a\000r\000n\000i\000n\000g\000\040\000w\000i\000t\000h\000\040\000O\000I\000L}{chapter.6}% 107
\BOOKMARK [2][]{subsection.6.8.1}{\376\377\0006\000.\0008\000.\0001\000\040\000C\000h\000e\000c\000k\000p\000o\000i\000n\000t\000-\000B\000a\000s\000e\000d\000\040\000R\000e\000s\000u\000m\000e}{section.6.8}% 108
\BOOKMARK [2][]{subsection.6.8.2}{\376\377\0006\000.\0008\000.\0002\000\040\000F\000o\000r\000m\000a\000t\000\040\000M\000i\000g\000r\000a\000t\000i\000o\000n\000\040\000D\000u\000r\000i\000n\000g\000\040\000T\000r\000a\000i\000n\000i\000n\000g}{section.6.8}% 109
\BOOKMARK [2][]{subsection.6.8.3}{\376\377\0006\000.\0008\000.\0003\000\040\000A\000d\000a\000p\000t\000i\000v\000e\000\040\000L\000e\000a\000r\000n\000i\000n\000g\000\040\000R\000a\000t\000e\000\040\000S\000c\000h\000e\000d\000u\000l\000e\000s}{section.6.8}% 110
\BOOKMARK [1][]{section.6.9}{\376\377\0006\000.\0009\000\040\000E\000m\000p\000i\000r\000i\000c\000a\000l\000\040\000C\000o\000n\000t\000i\000n\000u\000a\000l\000\040\000L\000e\000a\000r\000n\000i\000n\000g\000\040\000R\000e\000s\000u\000l\000t\000s}{chapter.6}% 111
\BOOKMARK [0][]{chapter.7}{\376\377\0007\000\040\000M\000u\000l\000t\000i\000-\000T\000o\000k\000e\000n\000\040\000P\000r\000e\000d\000i\000c\000t\000i\000o\000n\000\040\000a\000n\000d\000\040\000S\000p\000e\000c\000u\000l\000a\000t\000i\000v\000e\000\040\000D\000e\000c\000o\000d\000i\000n\000g}{}% 112
\BOOKMARK [1][]{section.7.1}{\376\377\0007\000.\0001\000\040\000T\000h\000e\000\040\000A\000u\000t\000o\000r\000e\000g\000r\000e\000s\000s\000i\000v\000e\000\040\000B\000o\000t\000t\000l\000e\000n\000e\000c\000k}{chapter.7}% 113
\BOOKMARK [1][]{section.7.2}{\376\377\0007\000.\0002\000\040\000M\000u\000l\000t\000i\000-\000T\000o\000k\000e\000n\000\040\000P\000r\000e\000d\000i\000c\000t\000i\000o\000n\000\040\000\050\000M\000T\000P\000\051}{chapter.7}% 114
\BOOKMARK [2][]{subsection.7.2.1}{\376\377\0007\000.\0002\000.\0001\000\040\000C\000o\000n\000c\000e\000p\000t}{section.7.2}% 115
\BOOKMARK [2][]{subsection.7.2.2}{\376\377\0007\000.\0002\000.\0002\000\040\000A\000r\000c\000h\000i\000t\000e\000c\000t\000u\000r\000e}{section.7.2}% 116
\BOOKMARK [2][]{subsection.7.2.3}{\376\377\0007\000.\0002\000.\0003\000\040\000O\000I\000L\000\040\000I\000n\000t\000e\000g\000r\000a\000t\000i\000o\000n}{section.7.2}% 117
\BOOKMARK [1][]{section.7.3}{\376\377\0007\000.\0003\000\040\000D\000r\000a\000f\000t\000-\000V\000e\000r\000i\000f\000y\000\040\000A\000r\000c\000h\000i\000t\000e\000c\000t\000u\000r\000e}{chapter.7}% 118
\BOOKMARK [2][]{subsection.7.3.1}{\376\377\0007\000.\0003\000.\0001\000\040\000D\000e\000s\000i\000g\000n\000\040\000O\000v\000e\000r\000v\000i\000e\000w}{section.7.3}% 119
\BOOKMARK [2][]{subsection.7.3.2}{\376\377\0007\000.\0003\000.\0002\000\040\000A\000c\000c\000e\000p\000t\000a\000n\000c\000e\000\040\000P\000r\000o\000b\000a\000b\000i\000l\000i\000t\000y\000\040\000A\000n\000a\000l\000y\000s\000i\000s}{section.7.3}% 120
\BOOKMARK [2][]{subsection.7.3.3}{\376\377\0007\000.\0003\000.\0003\000\040\000I\000m\000p\000l\000e\000m\000e\000n\000t\000a\000t\000i\000o\000n\000\040\000D\000e\000t\000a\000i\000l\000s}{section.7.3}% 121
\BOOKMARK [1][]{section.7.4}{\376\377\0007\000.\0004\000\040\000M\000u\000l\000t\000i\000-\000T\000o\000k\000e\000n\000\040\000P\000r\000e\000d\000i\000c\000t\000i\000o\000n\000\040\000T\000r\000a\000i\000n\000i\000n\000g}{chapter.7}% 122
\BOOKMARK [2][]{subsection.7.4.1}{\376\377\0007\000.\0004\000.\0001\000\040\000H\000e\000a\000d\000\040\000A\000r\000c\000h\000i\000t\000e\000c\000t\000u\000r\000e}{section.7.4}% 123
\BOOKMARK [2][]{subsection.7.4.2}{\376\377\0007\000.\0004\000.\0002\000\040\000L\000o\000s\000s\000\040\000F\000o\000r\000m\000u\000l\000a\000t\000i\000o\000n}{section.7.4}% 124
\BOOKMARK [2][]{subsection.7.4.3}{\376\377\0007\000.\0004\000.\0003\000\040\000H\000e\000a\000d\000\040\000S\000h\000a\000r\000i\000n\000g\000\040\000S\000t\000r\000a\000t\000e\000g\000y}{section.7.4}% 125
\BOOKMARK [2][]{subsection.7.4.4}{\376\377\0007\000.\0004\000.\0004\000\040\000T\000r\000a\000i\000n\000i\000n\000g\000\040\000P\000r\000o\000c\000e\000d\000u\000r\000e}{section.7.4}% 126
\BOOKMARK [1][]{section.7.5}{\376\377\0007\000.\0005\000\040\000E\000m\000p\000i\000r\000i\000c\000a\000l\000\040\000S\000p\000e\000e\000d\000u\000p\000\040\000A\000n\000a\000l\000y\000s\000i\000s}{chapter.7}% 127
\BOOKMARK [2][]{subsection.7.5.1}{\376\377\0007\000.\0005\000.\0001\000\040\000B\000e\000n\000c\000h\000m\000a\000r\000k\000\040\000C\000o\000n\000f\000i\000g\000u\000r\000a\000t\000i\000o\000n}{section.7.5}% 128
\BOOKMARK [2][]{subsection.7.5.2}{\376\377\0007\000.\0005\000.\0002\000\040\000S\000p\000e\000e\000d\000u\000p\000\040\000b\000y\000\040\000F\000o\000r\000m\000a\000t\000\040\000C\000o\000m\000b\000i\000n\000a\000t\000i\000o\000n}{section.7.5}% 129
\BOOKMARK [2][]{subsection.7.5.3}{\376\377\0007\000.\0005\000.\0003\000\040\000S\000p\000e\000e\000d\000u\000p\000\040\000b\000y\000\040\000D\000r\000a\000f\000t\000\040\000L\000e\000n\000g\000t\000h}{section.7.5}% 130
\BOOKMARK [2][]{subsection.7.5.4}{\376\377\0007\000.\0005\000.\0004\000\040\000Q\000u\000a\000l\000i\000t\000y\000\040\000V\000e\000r\000i\000f\000i\000c\000a\000t\000i\000o\000n}{section.7.5}% 131
\BOOKMARK [1][]{section.7.6}{\376\377\0007\000.\0006\000\040\000C\000o\000n\000n\000e\000c\000t\000i\000o\000n\000\040\000t\000o\000\040\000O\000I\000L\000\040\000F\000o\000r\000m\000a\000t\000\040\000S\000y\000s\000t\000e\000m}{chapter.7}% 132
\BOOKMARK [2][]{subsection.7.6.1}{\376\377\0007\000.\0006\000.\0001\000\040\000F\000o\000r\000m\000a\000t\000-\000A\000w\000a\000r\000e\000\040\000S\000p\000e\000c\000u\000l\000a\000t\000i\000v\000e\000\040\000D\000e\000c\000o\000d\000i\000n\000g}{section.7.6}% 133
\BOOKMARK [2][]{subsection.7.6.2}{\376\377\0007\000.\0006\000.\0002\000\040\000M\000e\000m\000o\000r\000y\000\040\000B\000a\000n\000d\000w\000i\000d\000t\000h\000\040\000A\000n\000a\000l\000y\000s\000i\000s}{section.7.6}% 134
\BOOKMARK [2][]{subsection.7.6.3}{\376\377\0007\000.\0006\000.\0003\000\040\000F\000o\000r\000m\000a\000t\000\040\000S\000e\000l\000e\000c\000t\000i\000o\000n\000\040\000H\000e\000u\000r\000i\000s\000t\000i\000c\000s}{section.7.6}% 135
\BOOKMARK [2][]{subsection.7.6.4}{\376\377\0007\000.\0006\000.\0004\000\040\000G\000R\000P\000\040\000F\000o\000r\000m\000a\000t\000\040\000C\000o\000m\000p\000a\000t\000i\000b\000i\000l\000i\000t\000y}{section.7.6}% 136
\BOOKMARK [1][]{section.7.7}{\376\377\0007\000.\0007\000\040\000K\000V\000\040\000C\000a\000c\000h\000e\000\040\000C\000o\000m\000p\000r\000e\000s\000s\000i\000o\000n}{chapter.7}% 137
\BOOKMARK [1][]{section.7.8}{\376\377\0007\000.\0008\000\040\000S\000t\000r\000e\000a\000m\000i\000n\000g\000\040\000G\000e\000n\000e\000r\000a\000t\000i\000o\000n}{chapter.7}% 138
\BOOKMARK [1][]{section.7.9}{\376\377\0007\000.\0009\000\040\000P\000e\000r\000f\000o\000r\000m\000a\000n\000c\000e\000\040\000C\000h\000a\000r\000a\000c\000t\000e\000r\000i\000s\000t\000i\000c\000s}{chapter.7}% 139
\BOOKMARK [0][]{chapter.8}{\376\377\0008\000\040\000T\000h\000r\000e\000a\000d\000\040\000S\000a\000f\000e\000t\000y\000\040\000a\000n\000d\000\040\000L\000o\000c\000k\000-\000F\000r\000e\000e\000\040\000D\000e\000s\000i\000g\000n}{}% 140
\BOOKMARK [1][]{section.8.1}{\376\377\0008\000.\0001\000\040\000T\000h\000e\000\040\000C\000o\000n\000c\000u\000r\000r\000e\000n\000c\000y\000\040\000C\000h\000a\000l\000l\000e\000n\000g\000e}{chapter.8}% 141
\BOOKMARK [1][]{section.8.2}{\376\377\0008\000.\0002\000\040\000L\000o\000c\000k\000-\000F\000r\000e\000e\000\040\000R\000i\000n\000g\000\040\000B\000u\000f\000f\000e\000r}{chapter.8}% 142
\BOOKMARK [1][]{section.8.3}{\376\377\0008\000.\0003\000\040\000A\000t\000o\000m\000i\000c\000\040\000S\000O\000P\000S\000\040\000C\000o\000u\000n\000t\000e\000r}{chapter.8}% 143
\BOOKMARK [1][]{section.8.4}{\376\377\0008\000.\0004\000\040\000S\000t\000a\000c\000k\000\040\000A\000l\000l\000o\000c\000a\000t\000o\000r}{chapter.8}% 144
\BOOKMARK [1][]{section.8.5}{\376\377\0008\000.\0005\000\040\000M\000e\000m\000o\000r\000y\000\040\000P\000o\000o\000l}{chapter.8}% 145
\BOOKMARK [1][]{section.8.6}{\376\377\0008\000.\0006\000\040\000P\000a\000r\000a\000m\000e\000t\000e\000r\000\040\000S\000e\000r\000v\000e\000r\000\040\000A\000r\000c\000h\000i\000t\000e\000c\000t\000u\000r\000e}{chapter.8}% 146
\BOOKMARK [1][]{section.8.7}{\376\377\0008\000.\0007\000\040\000A\000u\000t\000o\000g\000r\000a\000d\000\040\000E\000n\000g\000i\000n\000e\000\040\000T\000h\000r\000e\000a\000d\000\040\000S\000a\000f\000e\000t\000y}{chapter.8}% 147
\BOOKMARK [1][]{section.8.8}{\376\377\0008\000.\0008\000\040\000B\000e\000n\000c\000h\000m\000a\000r\000k\000:\000\040\000M\000u\000l\000t\000i\000-\000T\000h\000r\000e\000a\000d\000e\000d\000\040\000S\000O\000P\000S}{chapter.8}% 148
\BOOKMARK [1][]{section.8.9}{\376\377\0008\000.\0009\000\040\000T\000h\000r\000e\000a\000d\000\040\000S\000a\000f\000e\000t\000y\000\040\000G\000u\000a\000r\000a\000n\000t\000e\000e\000s}{chapter.8}% 149
\BOOKMARK [0][]{chapter.9}{\376\377\0009\000\040\000E\000m\000p\000i\000r\000i\000c\000a\000l\000\040\000R\000e\000s\000u\000l\000t\000s}{}% 150
\BOOKMARK [1][]{section.9.1}{\376\377\0009\000.\0001\000\040\000I\000m\000p\000l\000e\000m\000e\000n\000t\000a\000t\000i\000o\000n\000\040\000O\000v\000e\000r\000v\000i\000e\000w}{chapter.9}% 151
\BOOKMARK [1][]{section.9.2}{\376\377\0009\000.\0002\000\040\000B\000u\000i\000l\000d\000\040\000S\000y\000s\000t\000e\000m}{chapter.9}% 152
\BOOKMARK [1][]{section.9.3}{\376\377\0009\000.\0003\000\040\000G\000P\000T\000-\0002\000\040\000W\000e\000i\000g\000h\000t\000\040\000M\000a\000t\000r\000i\000x\000\040\000A\000n\000a\000l\000y\000s\000i\000s}{chapter.9}% 153
\BOOKMARK [1][]{section.9.4}{\376\377\0009\000.\0004\000\040\000S\000P\000A\000R\000K\000\137\000Q\0000\000\040\000B\000e\000n\000c\000h\000m\000a\000r\000k\000s}{chapter.9}% 154
\BOOKMARK [1][]{section.9.5}{\376\377\0009\000.\0005\000\040\000O\000I\000L\000\040\000v\000s\000\040\000I\000n\000d\000u\000s\000t\000r\000i\000a\000l\000\040\000F\000o\000r\000m\000a\000t\000s}{chapter.9}% 155
\BOOKMARK [1][]{section.9.6}{\376\377\0009\000.\0006\000\040\000M\000u\000l\000t\000i\000-\000S\000c\000a\000l\000e\000\040\000L\000i\000n\000e\000a\000r\000\040\000R\000e\000g\000r\000e\000s\000s\000i\000o\000n}{chapter.9}% 156
\BOOKMARK [2][]{subsection.9.6.1}{\376\377\0009\000.\0006\000.\0001\000\040\000U\000n\000i\000f\000o\000r\000m\000\040\000W\000e\000i\000g\000h\000t\000s\000\040\000C\000o\000u\000n\000t\000e\000r\000e\000x\000a\000m\000p\000l\000e}{section.9.6}% 157
\BOOKMARK [1][]{section.9.7}{\376\377\0009\000.\0007\000\040\000M\000e\000m\000o\000r\000y\000\040\000a\000n\000d\000\040\000S\000t\000o\000r\000a\000g\000e\000\040\000a\000t\000\040\000S\000c\000a\000l\000e}{chapter.9}% 158
\BOOKMARK [1][]{section.9.8}{\376\377\0009\000.\0008\000\040\000K\000e\000r\000n\000e\000l\000\040\000P\000e\000r\000f\000o\000r\000m\000a\000n\000c\000e}{chapter.9}% 159
\BOOKMARK [1][]{section.9.9}{\376\377\0009\000.\0009\000\040\000P\000e\000r\000-\000L\000a\000y\000e\000r\000\040\000F\000o\000r\000m\000a\000t\000\040\000D\000i\000s\000t\000r\000i\000b\000u\000t\000i\000o\000n}{chapter.9}% 160
\BOOKMARK [1][]{section.9.10}{\376\377\0009\000.\0001\0000\000\040\000S\000O\000P\000S\000\040\000M\000e\000a\000s\000u\000r\000e\000m\000e\000n\000t\000s}{chapter.9}% 161
\BOOKMARK [1][]{section.9.11}{\376\377\0009\000.\0001\0001\000\040\000C\000l\000a\000i\000m\000\040\000V\000e\000r\000i\000f\000i\000c\000a\000t\000i\000o\000n\000\040\000S\000u\000m\000m\000a\000r\000y}{chapter.9}% 162
\BOOKMARK [0][]{chapter.10}{\376\377\0001\0000\000\040\000F\000u\000t\000u\000r\000e\000\040\000D\000i\000r\000e\000c\000t\000i\000o\000n\000s}{}% 163
\BOOKMARK [1][]{section.10.1}{\376\377\0001\0000\000.\0001\000\040\000G\000P\000U\000\040\000A\000c\000c\000e\000l\000e\000r\000a\000t\000i\000o\000n}{chapter.10}% 164
\BOOKMARK [2][]{subsection.10.1.1}{\376\377\0001\0000\000.\0001\000.\0001\000\040\000V\000u\000l\000k\000a\000n\000\040\000C\000o\000m\000p\000u\000t\000e\000\040\000B\000a\000c\000k\000e\000n\000d}{section.10.1}% 165
\BOOKMARK [2][]{subsection.10.1.2}{\376\377\0001\0000\000.\0001\000.\0002\000\040\000D\000i\000r\000e\000c\000t\000X\000\040\0001\0002\000\040\000C\000o\000m\000p\000u\000t\000e}{section.10.1}% 166
\BOOKMARK [1][]{section.10.2}{\376\377\0001\0000\000.\0002\000\040\000D\000i\000s\000t\000r\000i\000b\000u\000t\000e\000d\000\040\000T\000r\000a\000i\000n\000i\000n\000g}{chapter.10}% 167
\BOOKMARK [2][]{subsection.10.2.1}{\376\377\0001\0000\000.\0002\000.\0001\000\040\000Z\000e\000R\000O\000-\0003\000\040\000S\000h\000a\000r\000d\000i\000n\000g}{section.10.2}% 168
\BOOKMARK [2][]{subsection.10.2.2}{\376\377\0001\0000\000.\0002\000.\0002\000\040\000P\000i\000p\000e\000l\000i\000n\000e\000\040\000P\000a\000r\000a\000l\000l\000e\000l\000i\000s\000m}{section.10.2}% 169
\BOOKMARK [1][]{section.10.3}{\376\377\0001\0000\000.\0003\000\040\000O\000u\000t\000-\000o\000f\000-\000C\000o\000r\000e\000\040\000T\000r\000a\000i\000n\000i\000n\000g}{chapter.10}% 170
\BOOKMARK [2][]{subsection.10.3.1}{\376\377\0001\0000\000.\0003\000.\0001\000\040\000M\000e\000m\000o\000r\000y\000-\000M\000a\000p\000p\000e\000d\000\040\000M\000o\000d\000e\000l\000s}{section.10.3}% 171
\BOOKMARK [2][]{subsection.10.3.2}{\376\377\0001\0000\000.\0003\000.\0002\000\040\000i\000G\000P\000U\000\040\000V\000R\000A\000M\000\040\000Z\000e\000r\000o\000-\000C\000o\000p\000y}{section.10.3}% 172
\BOOKMARK [1][]{section.10.4}{\376\377\0001\0000\000.\0004\000\040\000S\000c\000a\000l\000i\000n\000g\000\040\000t\000o\000\040\0004\0008\000T\000+\000\040\000P\000a\000r\000a\000m\000e\000t\000e\000r\000s}{chapter.10}% 173
\BOOKMARK [1][]{section.10.5}{\376\377\0001\0000\000.\0005\000\040\000C\000u\000s\000t\000o\000m\000\040\000S\000i\000l\000i\000c\000o\000n}{chapter.10}% 174
\BOOKMARK [2][]{subsection.10.5.1}{\376\377\0001\0000\000.\0005\000.\0001\000\040\000O\000I\000L\000-\000N\000a\000t\000i\000v\000e\000\040\000A\000S\000I\000C}{section.10.5}% 175
\BOOKMARK [2][]{subsection.10.5.2}{\376\377\0001\0000\000.\0005\000.\0002\000\040\000P\000a\000t\000h\000\040\000t\000o\000\040\0001\000\040\000S\000O\000P\000S}{section.10.5}% 176
\BOOKMARK [1][]{section.10.6}{\376\377\0001\0000\000.\0006\000\040\000A\000l\000g\000o\000r\000i\000t\000h\000m\000i\000c\000\040\000I\000m\000p\000r\000o\000v\000e\000m\000e\000n\000t\000s}{chapter.10}% 177
\BOOKMARK [2][]{subsection.10.6.1}{\376\377\0001\0000\000.\0006\000.\0001\000\040\000F\000l\000a\000s\000h\000A\000t\000t\000e\000n\000t\000i\000o\000n\000\040\000f\000o\000r\000\040\000O\000I\000L\0004}{section.10.6}% 178
\BOOKMARK [2][]{subsection.10.6.2}{\376\377\0001\0000\000.\0006\000.\0002\000\040\000M\000i\000x\000t\000u\000r\000e\000\040\000o\000f\000\040\000E\000x\000p\000e\000r\000t\000s\000\040\000\050\000M\000o\000E\000\051}{section.10.6}% 179
\BOOKMARK [2][]{subsection.10.6.3}{\376\377\0001\0000\000.\0006\000.\0003\000\040\000M\000u\000l\000t\000i\000-\000T\000o\000k\000e\000n\000\040\000P\000r\000e\000d\000i\000c\000t\000i\000o\000n}{section.10.6}% 180
\BOOKMARK [1][]{section.10.7}{\376\377\0001\0000\000.\0007\000\040\000O\000p\000e\000n\000\040\000P\000r\000o\000b\000l\000e\000m\000s}{chapter.10}% 181
\BOOKMARK [1][]{section.10.8}{\376\377\0001\0000\000.\0008\000\040\000P\000u\000b\000l\000i\000c\000a\000t\000i\000o\000n\000\040\000R\000o\000a\000d\000m\000a\000p}{chapter.10}% 182
\BOOKMARK [1][]{section.10.9}{\376\377\0001\0000\000.\0009\000\040\000S\000a\000f\000e\000t\000y\000\040\000a\000n\000d\000\040\000A\000l\000i\000g\000n\000m\000e\000n\000t}{chapter.10}% 183
\BOOKMARK [2][]{subsection.10.9.1}{\376\377\0001\0000\000.\0009\000.\0001\000\040\000A\000i\000r\000-\000G\000a\000p\000p\000e\000d\000\040\000T\000r\000a\000i\000n\000i\000n\000g}{section.10.9}% 184
\BOOKMARK [2][]{subsection.10.9.2}{\376\377\0001\0000\000.\0009\000.\0002\000\040\000V\000a\000l\000u\000e\000\040\000P\000r\000e\000s\000e\000r\000v\000a\000t\000i\000o\000n}{section.10.9}% 185
\BOOKMARK [2][]{subsection.10.9.3}{\376\377\0001\0000\000.\0009\000.\0003\000\040\000C\000a\000p\000a\000b\000i\000l\000i\000t\000y\000\040\000C\000o\000n\000t\000r\000o\000l}{section.10.9}% 186
\BOOKMARK [1][]{section.10.10}{\376\377\0001\0000\000.\0001\0000\000\040\000T\000h\000e\000\040\0006\0000\000,\0000\0000\0000\000\040\000T\000o\000k\000e\000n\000s\000/\000P\000a\000r\000a\000m\000\040\000G\000o\000a\000l}{chapter.10}% 187
\BOOKMARK [1][]{section.10.11}{\376\377\0001\0000\000.\0001\0001\000\040\000C\000o\000n\000c\000l\000u\000s\000i\000o\000n}{chapter.10}% 188
\BOOKMARK [0][]{chapter.11}{\376\377\0001\0001\000\040\000G\000P\000U\000\040\000B\000a\000c\000k\000e\000n\000d\000\040\000a\000n\000d\000\040\000V\000u\000l\000k\000a\000n\000\040\000C\000o\000m\000p\000u\000t\000e}{}% 189
\BOOKMARK [1][]{section.11.1}{\376\377\0001\0001\000.\0001\000\040\000D\000e\000s\000i\000g\000n\000\040\000P\000h\000i\000l\000o\000s\000o\000p\000h\000y}{chapter.11}% 190
\BOOKMARK [1][]{section.11.2}{\376\377\0001\0001\000.\0002\000\040\000V\000u\000l\000k\000a\000n\000\040\000C\000o\000m\000p\000u\000t\000e\000\040\000P\000i\000p\000e\000l\000i\000n\000e}{chapter.11}% 191
\BOOKMARK [2][]{subsection.11.2.1}{\376\377\0001\0001\000.\0002\000.\0001\000\040\000I\000n\000s\000t\000a\000n\000c\000e\000\040\000a\000n\000d\000\040\000D\000e\000v\000i\000c\000e\000\040\000I\000n\000i\000t\000i\000a\000l\000i\000z\000a\000t\000i\000o\000n}{section.11.2}% 192
\BOOKMARK [2][]{subsection.11.2.2}{\376\377\0001\0001\000.\0002\000.\0002\000\040\000M\000e\000m\000o\000r\000y\000\040\000M\000a\000n\000a\000g\000e\000m\000e\000n\000t}{section.11.2}% 193
\BOOKMARK [2][]{subsection.11.2.3}{\376\377\0001\0001\000.\0002\000.\0003\000\040\000C\000o\000m\000p\000u\000t\000e\000\040\000S\000h\000a\000d\000e\000r\000\040\000D\000i\000s\000p\000a\000t\000c\000h}{section.11.2}% 194
\BOOKMARK [1][]{section.11.3}{\376\377\0001\0001\000.\0003\000\040\000Z\000e\000r\000o\000-\000C\000o\000p\000y\000\040\000W\000e\000i\000g\000h\000t\000\040\000P\000r\000o\000m\000o\000t\000i\000o\000n}{chapter.11}% 195
\BOOKMARK [1][]{section.11.4}{\376\377\0001\0001\000.\0004\000\040\000M\000i\000x\000e\000d\000-\000P\000r\000e\000c\000i\000s\000i\000o\000n\000\040\000G\000P\000U\000\040\000K\000e\000r\000n\000e\000l\000s}{chapter.11}% 196
\BOOKMARK [2][]{subsection.11.4.1}{\376\377\0001\0001\000.\0004\000.\0001\000\040\000T\000h\000e\000\040\0002\000-\000M\000i\000x\000\040\000G\000P\000U\000\040\000K\000e\000r\000n\000e\000l}{section.11.4}% 197
\BOOKMARK [2][]{subsection.11.4.2}{\376\377\0001\0001\000.\0004\000.\0002\000\040\000S\000I\000M\000D\000\040\000W\000i\000d\000t\000h\000\040\000A\000d\000a\000p\000t\000a\000t\000i\000o\000n}{section.11.4}% 198
\BOOKMARK [1][]{section.11.5}{\376\377\0001\0001\000.\0005\000\040\000i\000G\000P\000U\000\040\000P\000e\000r\000f\000o\000r\000m\000a\000n\000c\000e\000\040\000C\000h\000a\000r\000a\000c\000t\000e\000r\000i\000s\000t\000i\000c\000s}{chapter.11}% 199
\BOOKMARK [1][]{section.11.6}{\376\377\0001\0001\000.\0006\000\040\000M\000e\000m\000o\000r\000y\000\040\000B\000a\000n\000d\000w\000i\000d\000t\000h\000\040\000A\000n\000a\000l\000y\000s\000i\000s}{chapter.11}% 200
\BOOKMARK [1][]{section.11.7}{\376\377\0001\0001\000.\0007\000\040\000V\000u\000l\000k\000a\000n\000\040\000E\000x\000t\000e\000n\000s\000i\000o\000n\000\040\000R\000e\000q\000u\000i\000r\000e\000m\000e\000n\000t\000s}{chapter.11}% 201
\BOOKMARK [1][]{section.11.8}{\376\377\0001\0001\000.\0008\000\040\000B\000e\000n\000c\000h\000m\000a\000r\000k\000\040\000R\000e\000s\000u\000l\000t\000s\000\040\000o\000n\000\040\000I\000n\000t\000e\000g\000r\000a\000t\000e\000d\000\040\000G\000P\000U}{chapter.11}% 202
\BOOKMARK [1][]{section.11.9}{\376\377\0001\0001\000.\0009\000\040\000F\000u\000t\000u\000r\000e\000\040\000G\000P\000U\000\040\000W\000o\000r\000k}{chapter.11}% 203
\BOOKMARK [0][]{chapter.12}{\376\377\0001\0002\000\040\000D\000i\000s\000t\000r\000i\000b\000u\000t\000e\000d\000\040\000T\000r\000a\000i\000n\000i\000n\000g\000\040\000a\000n\000d\000\040\000M\000u\000l\000t\000i\000-\000N\000o\000d\000e\000\040\000I\000n\000f\000e\000r\000e\000n\000c\000e}{}% 204
\BOOKMARK [1][]{section.12.1}{\376\377\0001\0002\000.\0001\000\040\000T\000h\000e\000\040\000B\000a\000n\000d\000w\000i\000d\000t\000h\000\040\000B\000o\000t\000t\000l\000e\000n\000e\000c\000k\000\040\000i\000n\000\040\000D\000i\000s\000t\000r\000i\000b\000u\000t\000e\000d\000\040\000T\000r\000a\000i\000n\000i\000n\000g}{chapter.12}% 205
\BOOKMARK [1][]{section.12.2}{\376\377\0001\0002\000.\0002\000\040\000O\000I\000L\000-\000O\000p\000t\000i\000m\000i\000z\000e\000d\000\040\000G\000r\000a\000d\000i\000e\000n\000t\000\040\000C\000o\000m\000p\000r\000e\000s\000s\000i\000o\000n}{chapter.12}% 206
\BOOKMARK [1][]{section.12.3}{\376\377\0001\0002\000.\0003\000\040\000T\000o\000p\000o\000l\000o\000g\000y\000-\000A\000w\000a\000r\000e\000\040\000C\000o\000m\000m\000u\000n\000i\000c\000a\000t\000i\000o\000n}{chapter.12}% 207
\BOOKMARK [2][]{subsection.12.3.1}{\376\377\0001\0002\000.\0003\000.\0001\000\040\000R\000i\000n\000g\000\040\000A\000l\000l\000-\000R\000e\000d\000u\000c\000e\000\040\000w\000i\000t\000h\000\040\000F\000o\000r\000m\000a\000t\000\040\000A\000w\000a\000r\000e\000n\000e\000s\000s}{section.12.3}% 208
\BOOKMARK [2][]{subsection.12.3.2}{\376\377\0001\0002\000.\0003\000.\0002\000\040\000H\000i\000e\000r\000a\000r\000c\000h\000i\000c\000a\000l\000\040\000A\000l\000l\000-\000R\000e\000d\000u\000c\000e}{section.12.3}% 209
\BOOKMARK [1][]{section.12.4}{\376\377\0001\0002\000.\0004\000\040\000G\000r\000a\000d\000i\000e\000n\000t\000\040\000Q\000u\000a\000n\000t\000i\000z\000a\000t\000i\000o\000n\000\040\000f\000o\000r\000\040\000C\000o\000m\000m\000u\000n\000i\000c\000a\000t\000i\000o\000n}{chapter.12}% 210
\BOOKMARK [2][]{subsection.12.4.1}{\376\377\0001\0002\000.\0004\000.\0001\000\040\000T\000h\000e\000\040\000D\000o\000u\000b\000l\000e\000-\000Q\000u\000a\000n\000t\000i\000z\000a\000t\000i\000o\000n\000\040\000I\000n\000s\000i\000g\000h\000t}{section.12.4}% 211
\BOOKMARK [1][]{section.12.5}{\376\377\0001\0002\000.\0005\000\040\000F\000a\000u\000l\000t\000\040\000T\000o\000l\000e\000r\000a\000n\000c\000e}{chapter.12}% 212
\BOOKMARK [2][]{subsection.12.5.1}{\376\377\0001\0002\000.\0005\000.\0001\000\040\000W\000e\000i\000g\000h\000t\000\040\000C\000h\000e\000c\000k\000p\000o\000i\000n\000t\000i\000n\000g\000\040\000w\000i\000t\000h\000\040\000O\000I\000L\000\040\000S\000n\000a\000p\000s\000h\000o\000t\000s}{section.12.5}% 213
\BOOKMARK [2][]{subsection.12.5.2}{\376\377\0001\0002\000.\0005\000.\0002\000\040\000E\000l\000a\000s\000t\000i\000c\000\040\000S\000c\000a\000l\000i\000n\000g}{section.12.5}% 214
\BOOKMARK [1][]{section.12.6}{\376\377\0001\0002\000.\0006\000\040\000M\000u\000l\000t\000i\000-\000N\000o\000d\000e\000\040\000I\000n\000f\000e\000r\000e\000n\000c\000e}{chapter.12}% 215
\BOOKMARK [1][]{section.12.7}{\376\377\0001\0002\000.\0007\000\040\000D\000i\000s\000t\000r\000i\000b\000u\000t\000e\000d\000\040\000B\000e\000n\000c\000h\000m\000a\000r\000k\000s}{chapter.12}% 216
\BOOKMARK [1][]{section.12.8}{\376\377\0001\0002\000.\0008\000\040\000N\000e\000t\000w\000o\000r\000k\000\040\000R\000e\000q\000u\000i\000r\000e\000m\000e\000n\000t\000s}{chapter.12}% 217
\BOOKMARK [0][]{chapter.13}{\376\377\0001\0003\000\040\000C\000o\000n\000c\000l\000u\000s\000i\000o\000n\000\040\000a\000n\000d\000\040\000O\000p\000e\000n\000\040\000P\000r\000o\000b\000l\000e\000m\000s}{}% 218
\BOOKMARK [1][]{section.13.1}{\376\377\0001\0003\000.\0001\000\040\000S\000u\000m\000m\000a\000r\000y\000\040\000o\000f\000\040\000C\000o\000n\000t\000r\000i\000b\000u\000t\000i\000o\000n\000s}{chapter.13}% 219
\BOOKMARK [1][]{section.13.2}{\376\377\0001\0003\000.\0002\000\040\000T\000h\000e\000o\000r\000e\000t\000i\000c\000a\000l\000\040\000I\000m\000p\000l\000i\000c\000a\000t\000i\000o\000n\000s}{chapter.13}% 220
\BOOKMARK [2][]{subsection.13.2.1}{\376\377\0001\0003\000.\0002\000.\0001\000\040\000Q\000u\000a\000n\000t\000i\000z\000a\000t\000i\000o\000n\000\040\000a\000s\000\040\000R\000e\000g\000u\000l\000a\000r\000i\000z\000a\000t\000i\000o\000n}{section.13.2}% 221
\BOOKMARK [2][]{subsection.13.2.2}{\376\377\0001\0003\000.\0002\000.\0002\000\040\000T\000h\000e\000\040\000I\000n\000f\000o\000r\000m\000a\000t\000i\000o\000n\000-\000T\000h\000e\000o\000r\000e\000t\000i\000c\000\040\000P\000e\000r\000s\000p\000e\000c\000t\000i\000v\000e}{section.13.2}% 222
\BOOKMARK [2][]{subsection.13.2.3}{\376\377\0001\0003\000.\0002\000.\0003\000\040\000C\000o\000n\000n\000e\000c\000t\000i\000o\000n\000\040\000t\000o\000\040\000L\000o\000t\000t\000e\000r\000y\000\040\000T\000i\000c\000k\000e\000t\000\040\000H\000y\000p\000o\000t\000h\000e\000s\000i\000s}{section.13.2}% 223
\BOOKMARK [1][]{section.13.3}{\376\377\0001\0003\000.\0003\000\040\000P\000r\000a\000c\000t\000i\000c\000a\000l\000\040\000I\000m\000p\000a\000c\000t}{chapter.13}% 224
\BOOKMARK [2][]{subsection.13.3.1}{\376\377\0001\0003\000.\0003\000.\0001\000\040\000D\000e\000p\000l\000o\000y\000m\000e\000n\000t\000\040\000E\000f\000f\000i\000c\000i\000e\000n\000c\000y}{section.13.3}% 225
\BOOKMARK [2][]{subsection.13.3.2}{\376\377\0001\0003\000.\0003\000.\0002\000\040\000T\000r\000a\000i\000n\000i\000n\000g\000\040\000A\000c\000c\000e\000s\000s\000i\000b\000i\000l\000i\000t\000y}{section.13.3}% 226
\BOOKMARK [1][]{section.13.4}{\376\377\0001\0003\000.\0004\000\040\000O\000p\000e\000n\000\040\000P\000r\000o\000b\000l\000e\000m\000s}{chapter.13}% 227
\BOOKMARK [2][]{subsection.13.4.1}{\376\377\0001\0003\000.\0004\000.\0001\000\040\000C\000-\0000\0004\0000\000:\000\040\000G\000P\000T\000-\0004\000\040\000Q\000u\000a\000l\000i\000t\000y\000\040\000C\000o\000m\000p\000a\000r\000i\000s\000o\000n}{section.13.4}% 228
\BOOKMARK [2][]{subsection.13.4.2}{\376\377\0001\0003\000.\0004\000.\0002\000\040\000T\000h\000e\000\040\0001\000.\0000\000\040\000B\000P\000W\000\040\000B\000a\000r\000r\000i\000e\000r}{section.13.4}% 229
\BOOKMARK [2][]{subsection.13.4.3}{\376\377\0001\0003\000.\0004\000.\0003\000\040\000T\000h\000e\000o\000r\000e\000t\000i\000c\000a\000l\000\040\000G\000a\000p\000s}{section.13.4}% 230
\BOOKMARK [1][]{section.13.5}{\376\377\0001\0003\000.\0005\000\040\000F\000i\000n\000a\000l\000\040\000R\000e\000m\000a\000r\000k\000s}{chapter.13}% 231
\BOOKMARK [0][]{chapter*.29}{\376\377\000R\000e\000f\000e\000r\000e\000n\000c\000e\000s}{}% 232
\BOOKMARK [0][]{chapter*.29}{\376\377\000R\000e\000f\000e\000r\000e\000n\000c\000e\000s}{}% 233
\BOOKMARK [0][]{appendix.A}{\376\377\000A\000\040\000C\000o\000m\000p\000l\000e\000t\000e\000\040\000O\000I\000L\000\040\000F\000o\000r\000m\000a\000t\000\040\000B\000i\000n\000a\000r\000y\000\040\000S\000p\000e\000c\000i\000f\000i\000c\000a\000t\000i\000o\000n}{}% 234
\BOOKMARK [1][]{section.A.1}{\376\377\000A\000.\0001\000\040\000F\000i\000l\000e\000\040\000H\000e\000a\000d\000e\000r\000\040\000L\000a\000y\000o\000u\000t}{appendix.A}% 235
\BOOKMARK [1][]{section.A.2}{\376\377\000A\000.\0002\000\040\000B\000l\000o\000c\000k\000\040\000D\000a\000t\000a\000\040\000L\000a\000y\000o\000u\000t\000\040\000P\000e\000r\000\040\000F\000o\000r\000m\000a\000t}{appendix.A}% 236
\BOOKMARK [1][]{section.A.3}{\376\377\000A\000.\0003\000\040\000F\000o\000r\000m\000a\000t\000\040\000R\000e\000g\000i\000s\000t\000r\000y\000\040\000E\000n\000u\000m\000e\000r\000a\000t\000i\000o\000n}{appendix.A}% 237
\BOOKMARK [0][]{appendix.B}{\376\377\000B\000\040\000T\000h\000e\000o\000r\000e\000m\000\040\000R\000e\000f\000e\000r\000e\000n\000c\000e\000\040\000I\000n\000d\000e\000x}{}% 238
\BOOKMARK [0][]{appendix.C}{\376\377\000C\000\040\000N\000o\000t\000a\000t\000i\000o\000n\000\040\000R\000e\000f\000e\000r\000e\000n\000c\000e}{}% 239
\BOOKMARK [0][]{appendix*.30}{\376\377\000A\000c\000k\000n\000o\000w\000l\000e\000d\000g\000m\000e\000n\000t\000s}{}% 240
